A51 MACRO ASSEMBLER  USB_RX                                                               11/04/2019 16:52:43 PAGE     1


MACRO ASSEMBLER A51 V8.2.7.0
OBJECT MODULE PLACED IN .\Objects\usb_rx.obj
ASSEMBLER INVOKED BY: C:\Program Files\Keil C\C51\C51\BIN\A51.EXE USB\Src\usb_rx.asm SET(SMALL) DEBUG PRINT(.\Listings\u
                      sb_rx.lst) OBJECT(.\Objects\usb_rx.obj) EP

LOC  OBJ            LINE     SOURCE

                       1     
                       2     
                       3     
                       4     
                       5     
                       6     
                       7     
                       8     
                       9     
                      10     NAME    USB_RX
                      11             
                      12     ?PR?usb_rx?USB_RX SEGMENT CODE
                      13             EXTRN   DATA (usb_rx_buffer, usb_rx_count, UEPF, UDRF)
                      14             EXTRN   CODE (usb_received)
                      15             EXTRN   CODE (goto_usb_process)
                      16             PUBLIC usb_rx
----                  17             RSEG  ?PR?usb_rx?USB_RX
0000                  18     usb_rx:
0000 7409             19             MOV A, #9
0002                  20     delay:
0002 00               21             NOP
0003 00               22             NOP
0004 00               23             NOP
0005 00               24             NOP
0006 00               25             NOP
0007 00               26             NOP
0008 14               27             DEC A
0009 70F7             28             JNZ delay
                      29             
000B 00               30             NOP
000C 00               31             NOP
000D 00               32             NOP
000E 00               33             NOP
000F 00               34             NOP
0010 00               35             NOP
0011 00               36             NOP
                      37             
0012 7B06             38             MOV R3, #0x06
0014 7A01             39             MOV R2, #0x01
0016 7900     F       40             MOV R1, #usb_rx_buffer
0018 780C             41             MOV R0, #12
001A 7780             42             MOV @R1, #0x80
                      43             
001C 020000   F       44             LJMP bit0
                      45             
001F                  46     bit7:
001F E5B0             47             MOV A, 0xB0                           ; 1
0021 5403             48             ANL A, #0x03                          ; 1
0023 605F             49             JZ END1_RX                            ; 1/3
0025 6A               50             XRL A, R2                             ; 1
                      51     
0026 13               52             RRC A
0027 13               53             RRC A
0028 F7               54             MOV @R1, A
0029 33               55             RLC A
002A C2E1             56             CLR 0xE0.1
002C FA               57             MOV R2, A                                                         ; 10
A51 MACRO ASSEMBLER  USB_RX                                                               11/04/2019 16:52:43 PAGE     2

                      58             
002D 00               59             NOP
002E 500B             60             JNC next7
                      61             
0030 00               62             NOP
0031 00               63             NOP
0032 00               64             NOP
0033 DB0B             65             DJNZ R3, bit0                             ; 2/3
0035 120000   F       66             LCALL bit_idle                        ; 
0038 020000   F       67             LJMP bit0                             ; 3
003B                  68     next7:
003B 7B06             69             MOV R3, #0x06                                             ; 1
003D 020000   F       70             LJMP bit0
                      71             
0040                  72     bit0:
                      73     
                                     
                             
0040 00               76             NOP
                      77     
0041 E5B0             78             MOV A, 0xB0                           ; 1
0043 5403             79             ANL A, #0x03                          ; 1
0045 603D             80             JZ END1_RX                            ; 1/3
0047 6A               81             XRL A, R2                             ; 1
0048 C2E2             82             CLR 0xE0.2                            ; 1
004A 13               83             RRC A                                 ; 1
004B FA               84             MOV R2, A                             ; 1
004C 09               85             INC R1                                                            ; 1
                      86             
004D E8               87             MOV A, R0                                                         ; 1
004E 6034             88             JZ END1_RX                                                        ; 1/3
                      89             
0050 00               90             NOP
0051 500A             91             JNC next0
0053 00               92             NOP
0054 00               93             NOP                                                                       ; 15
0055 DB0A             94             DJNZ R3, bit1                         ; 2/3
0057 120000   F       95             LCALL bit_idle                        ; 
005A 020000   F       96             LJMP bit1                             ; 3
005D                  97     next0:
005D 7B06             98             MOV R3, #0x06                                             ; 1
005F 00               99             NOP
0060 00              100             NOP
0061                 101     bit1:
0061 E5B0            102             MOV A, 0xB0                           ; 1
0063 5403            103             ANL A, #0x03                          ; 1
0065 601D            104             JZ END1_RX                            ; 1/3
0067 6A              105             XRL A, R2                             ; 1
0068 C2E2            106             CLR 0xE0.2                            ; 1
006A 13              107             RRC A                                 ; 1
006B FA              108             MOV R2, A                             ; 1
006C 00              109             NOP                                                                       ; 1
                     110             
006D 00              111             NOP
006E 500D            112             JNC next1
0070 00              113             NOP
0071 00              114             NOP
0072 00              115             NOP
0073 00              116             NOP
0074 00              117             NOP
0075 DB33            118             DJNZ R3, bit2                         ; 2/3
0077 120000   F      119             LCALL bit_idle                        ; 
007A 020000   F      120             LJMP bit2                             ; 3
007D                 121     next1:
007D 7B06            122             MOV R3, #0x06                                             ; 1
007F 00              123             NOP
A51 MACRO ASSEMBLER  USB_RX                                                               11/04/2019 16:52:43 PAGE     3

0080 00              124             NOP
0081 020000   F      125             LJMP bit2
                     126             
0084                 127     END1_RX:
0084 740D            128             MOV A, #13
0086 C3              129             CLR C
0087 98              130             SUBB A, R0
0088 F500     F      131             MOV usb_rx_count, A
008A 120000   F      132             LCALL usb_received
008D E500     F      133             MOV A, UDRF
008F 5500     F      134             ANL A, UEPF
0091 7001            135             JNZ goto_usb_process1
0093 22              136             RET
0094                 137     goto_usb_process1:
0094 C289            138             CLR 0x88.1
0096 D2AF            139             SETB 0xA8.7
0098 750000   F      140             MOV UEPF, #0
009B D0E0            141             POP ACC
009D D0E0            142             POP ACC
                     143             
009F 900000   F      144             MOV DPTR, #goto_usb_process
00A2 C082            145             PUSH DPL
00A4 C083            146             PUSH DPH
00A6 75D000          147             MOV PSW, #0
00A9 32              148             RETI
                     149             
00AA                 150     bit2:
00AA E5B0            151             MOV A, 0xB0                           ; 1
00AC 5403            152             ANL A, #0x03                          ; 1
00AE 60D4            153             JZ END1_RX                            ; 1/3
00B0 6A              154             XRL A, R2                             ; 1
00B1 C2E2            155             CLR 0xE0.2                            ; 1
00B3 13              156             RRC A                                 ; 1
00B4 FA              157             MOV R2, A                             ; 1
00B5 00              158             NOP
                     159             
00B6 00              160             NOP
00B7 500D            161             JNC next2
00B9 00              162             NOP
00BA 00              163             NOP
00BB 00              164             NOP
00BC 00              165             NOP
00BD 00              166             NOP
00BE DB0D            167             DJNZ R3, bit3                         ; 2/3
00C0 120000   F      168             LCALL bit_idle                        ; 
00C3 020000   F      169             LJMP bit3                             ; 3
00C6                 170     next2:
00C6 7B06            171             MOV R3, #0x06                                             ; 1
00C8 00              172             NOP
00C9 00              173             NOP
00CA 00              174             NOP
00CB 00              175             NOP
00CC 00              176             NOP
00CD                 177     bit3:
00CD E5B0            178             MOV A, 0xB0                                                       ; 1
00CF 5403            179             ANL A, #0x03                                              ; 1
00D1 60B1            180             JZ END1_RX                                                        ; 1/3
00D3 6A              181             XRL A, R2                                                         ; 1
00D4 C2E2            182             CLR 0xE0.2                            ; 1
00D6 13              183             RRC A                                                             ; 1
00D7 FA              184             MOV R2, A                                                         ; 1
00D8 00              185             NOP
                     186             
00D9 00              187             NOP
00DA 500D            188             JNC next3
00DC 00              189             NOP
A51 MACRO ASSEMBLER  USB_RX                                                               11/04/2019 16:52:43 PAGE     4

00DD 00              190             NOP
00DE 00              191             NOP
00DF 00              192             NOP
00E0 00              193             NOP
00E1 DB0D            194             DJNZ R3, bit4                         ; 2/3
00E3 120000   F      195             LCALL bit_idle                        ; 
00E6 020000   F      196             LJMP bit4                             ; 3
00E9                 197     next3:
00E9 7B06            198             MOV R3, #0x06                                             ; 1
00EB 00              199             NOP
00EC 00              200             NOP
00ED 00              201             NOP
00EE 00              202             NOP
00EF 00              203             NOP
                     204             
00F0                 205     bit4:
00F0 E5B0            206             MOV A, 0xB0                                                       ; 1
00F2 5403            207             ANL A, #0x03                                              ; 1
00F4 6040            208             JZ END2_RX                                                        ; 1/3
00F6 6A              209             XRL A, R2                                                         ; 1
00F7 C2E2            210             CLR 0xE0.2                            ; 1
00F9 13              211             RRC A                                                             ; 1
00FA FA              212             MOV R2, A                                                         ; 1
00FB 00              213             NOP
                     214     
00FC 00              215             NOP
00FD 500D            216             JNC next4
00FF 00              217             NOP
0100 00              218             NOP
0101 00              219             NOP
0102 00              220             NOP
0103 00              221             NOP
0104 DB0D            222             DJNZ R3, bit5                         ; 2/3
0106 120000   F      223             LCALL bit_idle                        ; 
0109 020000   F      224             LJMP bit5                             ; 3
010C                 225     next4:
010C 7B06            226             MOV R3, #0x06                                             ; 1
010E 00              227             NOP
010F 00              228             NOP
0110 00              229             NOP
0111 00              230             NOP
0112 00              231             NOP
0113                 232     bit5:
0113 E5B0            233             MOV A, 0xB0                                                       ; 1
0115 5403            234             ANL A, #0x03                                              ; 1
0117 601D            235             JZ END2_RX                            ; 1/3
0119 6A              236             XRL A, R2                             ; 1
011A C2E2            237             CLR 0xE0.2                            ; 1
011C 13              238             RRC A                                 ; 1
011D FA              239             MOV R2, A                             ; 1
011E 00              240             NOP
                     241     
011F 00              242             NOP
0120 500D            243             JNC next5
0122 00              244             NOP
0123 00              245             NOP
0124 00              246             NOP
0125 00              247             NOP
0126 00              248             NOP
0127 DB33            249             DJNZ R3, bit6                         ; 2/3
0129 120000   F      250             LCALL bit_idle                        ; 
012C 020000   F      251             LJMP bit6                             ; 3
012F                 252     next5:
012F 7B06            253             MOV R3, #0x06                                             ; 1
0131 00              254             NOP
0132 00              255             NOP
A51 MACRO ASSEMBLER  USB_RX                                                               11/04/2019 16:52:43 PAGE     5

0133 020000   F      256             LJMP bit6
                     257             
0136                 258     END2_RX:
0136 740D            259             MOV A, #13
0138 C3              260             CLR C
0139 98              261             SUBB A, R0
013A F500     F      262             MOV usb_rx_count, A
013C 120000   F      263             LCALL usb_received
013F E500     F      264             MOV A, UDRF
0141 5500     F      265             ANL A, UEPF
0143 7001            266             JNZ goto_usb_process2
0145 22              267             RET
0146                 268     goto_usb_process2:
0146 C289            269             CLR 0x88.1
0148 D2AF            270             SETB 0xA8.7
014A 750000   F      271             MOV UEPF, #0
014D D0E0            272             POP ACC
014F D0E0            273             POP ACC
                     274             
0151 900000   F      275             MOV DPTR, #goto_usb_process
0154 C082            276             PUSH DPL
0156 C083            277             PUSH DPH
0158 75D000          278             MOV PSW, #0
015B 32              279             RETI
                     280             
015C                 281     bit6:
015C E5B0            282             MOV A, 0xB0                           ; 1
015E 5403            283             ANL A, #0x03                          ; 1
0160 60D4            284             JZ END2_RX                            ; 1/3
0162 6A              285             XRL A, R2                             ; 1
0163 C2E2            286             CLR 0xE0.2                            ; 1
0165 13              287             RRC A                                 ; 1
0166 FA              288             MOV R2, A                             ; 1
0167 18              289             DEC R0                                                            ; 1
                     290     
0168 00              291             NOP
0169 5010            292             JNC next6
016B 00              293             NOP
016C 00              294             NOP
016D DB09            295             DJNZ R3, goto_bit7                    ; 2/3
016F 00              296             NOP
0170 00              297             NOP
0171 00              298             NOP
0172 120000   F      299             LCALL bit_idle                        ; 
0175 020000   F      300             LJMP bit7                             ; 3
0178                 301     goto_bit7:
0178 020000   F      302             LJMP bit7
                     303     
017B                 304     next6:
017B 7B06            305             MOV R3, #0x06                                             ; 1
017D 00              306             NOP
017E 00              307             NOP
017F 020000   F      308             LJMP bit7
                     309             
0182                 310     bit_idle:
0182 7B06            311             MOV R3, #0x06
                     312     
                                     
                             
0184 00              315             NOP
                     316     
0185 EA              317             MOV A, R2
0186 B2E0            318             CPL 0xE0.0
0188 FA              319             MOV R2, A
0189 00              320             NOP
018A 00              321             NOP
A51 MACRO ASSEMBLER  USB_RX                                                               11/04/2019 16:52:43 PAGE     6

018B 00              322             NOP
018C 00              323             NOP
018D 00              324             NOP
                     325             ;NOP
                     326             ;NOP
018E 22              327             RET
                     328             
                     329             END
A51 MACRO ASSEMBLER  USB_RX                                                               11/04/2019 16:52:43 PAGE     7

SYMBOL TABLE LISTING
------ ----- -------


N A M E             T Y P E  V A L U E   ATTRIBUTES

?PR?USB_RX?USB_RX.  C SEG    018FH       REL=UNIT
ACC. . . . . . . .  D ADDR   00E0H   A   
BIT0 . . . . . . .  C ADDR   0040H   R   SEG=?PR?USB_RX?USB_RX
BIT1 . . . . . . .  C ADDR   0061H   R   SEG=?PR?USB_RX?USB_RX
BIT2 . . . . . . .  C ADDR   00AAH   R   SEG=?PR?USB_RX?USB_RX
BIT3 . . . . . . .  C ADDR   00CDH   R   SEG=?PR?USB_RX?USB_RX
BIT4 . . . . . . .  C ADDR   00F0H   R   SEG=?PR?USB_RX?USB_RX
BIT5 . . . . . . .  C ADDR   0113H   R   SEG=?PR?USB_RX?USB_RX
BIT6 . . . . . . .  C ADDR   015CH   R   SEG=?PR?USB_RX?USB_RX
BIT7 . . . . . . .  C ADDR   001FH   R   SEG=?PR?USB_RX?USB_RX
BIT_IDLE . . . . .  C ADDR   0182H   R   SEG=?PR?USB_RX?USB_RX
DELAY. . . . . . .  C ADDR   0002H   R   SEG=?PR?USB_RX?USB_RX
DPH. . . . . . . .  D ADDR   0083H   A   
DPL. . . . . . . .  D ADDR   0082H   A   
END1_RX. . . . . .  C ADDR   0084H   R   SEG=?PR?USB_RX?USB_RX
END2_RX. . . . . .  C ADDR   0136H   R   SEG=?PR?USB_RX?USB_RX
GOTO_BIT7. . . . .  C ADDR   0178H   R   SEG=?PR?USB_RX?USB_RX
GOTO_USB_PROCESS .  C ADDR   -----       EXT
GOTO_USB_PROCESS1.  C ADDR   0094H   R   SEG=?PR?USB_RX?USB_RX
GOTO_USB_PROCESS2.  C ADDR   0146H   R   SEG=?PR?USB_RX?USB_RX
NEXT0. . . . . . .  C ADDR   005DH   R   SEG=?PR?USB_RX?USB_RX
NEXT1. . . . . . .  C ADDR   007DH   R   SEG=?PR?USB_RX?USB_RX
NEXT2. . . . . . .  C ADDR   00C6H   R   SEG=?PR?USB_RX?USB_RX
NEXT3. . . . . . .  C ADDR   00E9H   R   SEG=?PR?USB_RX?USB_RX
NEXT4. . . . . . .  C ADDR   010CH   R   SEG=?PR?USB_RX?USB_RX
NEXT5. . . . . . .  C ADDR   012FH   R   SEG=?PR?USB_RX?USB_RX
NEXT6. . . . . . .  C ADDR   017BH   R   SEG=?PR?USB_RX?USB_RX
NEXT7. . . . . . .  C ADDR   003BH   R   SEG=?PR?USB_RX?USB_RX
PSW. . . . . . . .  D ADDR   00D0H   A   
UDRF . . . . . . .  D ADDR   -----       EXT
UEPF . . . . . . .  D ADDR   -----       EXT
USB_RECEIVED . . .  C ADDR   -----       EXT
USB_RX . . . . . .  C ADDR   0000H   R   SEG=?PR?USB_RX?USB_RX
USB_RX_BUFFER. . .  D ADDR   -----       EXT
USB_RX_COUNT . . .  D ADDR   -----       EXT


REGISTER BANK(S) USED: 0 


ASSEMBLY COMPLETE.  0 WARNING(S), 0 ERROR(S)
